// Jest Snapshot v1, https://goo.gl/fbAQLP

exports[`DashboardTicket User navigates to DashboardTicket 1`] = `
<Route>
  <Component />
</Route>
`;
