// Jest Snapshot v1, https://goo.gl/fbAQLP

exports[`customform User navigates to customform 1`] = `
<ScrollViewMock
  keyboardShouldPersistTaps="always"
  style={
    Object {
      "backgroundColor": "#ffffffff",
      "flex": 1,
    }
  }
>
  <TouchableWithoutFeedback
    onPress={[Function]}
    testID="btnHideKeyboard"
  >
    <View>
      <View
        style={
          Object {
            "backgroundColor": "#ffffffff",
            "flex": 1,
            "marginLeft": "auto",
            "marginRight": "auto",
            "maxWidth": 650,
            "paddingHorizontal": 16,
            "paddingVertical": 20,
            "width": "100%",
          }
        }
      >
        <View
          style={
            Object {
              "marginBottom": 20,
              "width": "100%",
            }
          }
        >
          <View
            style={
              Object {
                "alignItems": "center",
                "borderBottomColor": "rgba(28, 28, 30, 0.3)",
                "borderBottomWidth": 1,
                "flexDirection": "row",
              }
            }
          >
            <TextInput
              allowFontScaling={true}
              onChangeText={[Function]}
              rejectResponderTermination={true}
              style={
                Object {
                  "color": "rgb(31, 31, 34)",
                  "flex": 1,
                  "fontSize": 16,
                  "fontWeight": "600",
                  "height": 48,
                  "width": "100%",
                }
              }
              testID="shopName"
              underlineColorAndroid="transparent"
              value=""
            />
          </View>
        </View>
        <View
          style={
            Object {
              "marginBottom": 20,
              "width": "100%",
            }
          }
        >
          <View
            style={
              Object {
                "flexDirection": "row",
                "flexWrap": "wrap",
                "justifyContent": "space-between",
                "marginTop": 10,
                "width": "100%",
              }
            }
          >
            <View
              key="SERVICES_0"
              style={
                Object {
                  "marginBottom": 16,
                  "width": "48%",
                }
              }
            >
              <SelectionWrapper
                isSelected={false}
                onClearPress={[Function]}
                onPress={[Function]}
                option={
                  Object {
                    "label": "Wholesaler",
                    "value": 1,
                  }
                }
              />
            </View>
            <View
              key="SERVICES_1"
              style={
                Object {
                  "marginBottom": 16,
                  "width": "48%",
                }
              }
            >
              <SelectionWrapper
                isSelected={false}
                onClearPress={[Function]}
                onPress={[Function]}
                option={
                  Object {
                    "label": "Manufacturer",
                    "value": 2,
                  }
                }
              />
            </View>
            <View
              key="SERVICES_2"
              style={
                Object {
                  "marginBottom": 16,
                  "width": "48%",
                }
              }
            >
              <SelectionWrapper
                isSelected={false}
                onClearPress={[Function]}
                onPress={[Function]}
                option={
                  Object {
                    "label": "Hallmarker",
                    "value": 3,
                  }
                }
              />
            </View>
            <View
              key="SERVICES_3"
              style={
                Object {
                  "marginBottom": 16,
                  "width": "48%",
                }
              }
            >
              <SelectionWrapper
                isSelected={false}
                onClearPress={[Function]}
                onPress={[Function]}
                option={
                  Object {
                    "label": "Retailer",
                    "value": 4,
                  }
                }
              />
            </View>
          </View>
        </View>
        <TouchableOpacity
          activeOpacity={0.2}
          onPress={[Function]}
          style={
            Object {
              "alignItems": "center",
              "backgroundColor": "rgb(205, 149, 12)",
              "borderRadius": 4,
              "justifyContent": "center",
              "marginBottom": 20,
              "paddingVertical": 16,
              "width": "100%",
            }
          }
          testID="submitButton"
        >
          <Text>
            Submit
          </Text>
        </TouchableOpacity>
        <Component
          hardwareAccelerated={false}
          transparent={true}
          visible={false}
        />
      </View>
    </View>
  </TouchableWithoutFeedback>
</ScrollViewMock>
`;
