// Jest Snapshot v1, https://goo.gl/fbAQLP

exports[`LandingPage User navigates to LandingPage 1`] = `
<SafeAreaView
  style={
    Object {
      "alignItems": "center",
      "backgroundColor": "#fff",
      "flex": 1,
      "justifyContent": "center",
    }
  }
>
  <View
    style={
      Object {
        "alignItems": "center",
        "flex": 1,
        "justifyContent": "center",
      }
    }
  >
    <Text
      style={
        Object {
          "color": "#323441",
          "fontSize": 42,
          "fontWeight": "bold",
          "letterSpacing": 2,
          "marginTop": 15,
        }
      }
    >
      Landing Page
    </Text>
    <View
      style={
        Object {
          "padding": 15,
          "zIndex": -1,
        }
      }
    >
      <Button
        color="#6200EE"
        onPress={[Function]}
        testID="goToHomeButton"
        title="Go Home"
      />
    </View>
  </View>
</SafeAreaView>
`;
